<?xml version="1.0" encoding="utf-8"?>
<TestRun id="3fd45afc-51ee-4dc3-b989-d3c03222afe6" name="@GuedesMacBookPro2019 2021-01-06 17:43:32" xmlns="http://microsoft.com/schemas/VisualStudio/TeamTest/2010">
  <Times creation="2021-01-06T17:43:32.2233200+01:00" queuing="2021-01-06T17:43:32.2233210+01:00" start="2021-01-06T17:43:31.0775250+01:00" finish="2021-01-06T17:43:32.2686500+01:00" />
  <TestSettings name="default" id="71ec581f-9717-40fc-a504-c8427a3f7018">
    <Deployment runDeploymentRoot="_GuedesMacBookPro2019_2021-01-06_17_43_32" />
  </TestSettings>
  <Results>
    <UnitTestResult executionId="6dd15676-eed3-41f0-9e85-cfa010d337bf" testId="3ad1da28-f979-6189-099c-6d76f3ed2bb8" testName="TestExtractAllEnitiesFromSimplePocoWithNullId" computerName="GuedesMacBookPro2019" duration="00:00:00.0001423" startTime="2021-01-06T17:43:32.1545280+01:00" endTime="2021-01-06T17:43:32.1547670+01:00" testType="13cdc9d9-ddb5-4fa4-a97d-d965ccfc6d4b" outcome="Passed" testListId="8c84fa94-04c1-424b-9868-57a2d4851a1d" relativeResultsDirectory="6dd15676-eed3-41f0-9e85-cfa010d337bf" />
    <UnitTestResult executionId="3d9ae357-ce17-4039-90ec-3b6d66ad69c0" testId="703f0799-1236-34b3-6ecb-36664b464f36" testName="TestGetAllExtension" computerName="GuedesMacBookPro2019" duration="00:00:00.2023005" startTime="2021-01-06T17:43:31.8998330+01:00" endTime="2021-01-06T17:43:32.1023530+01:00" testType="13cdc9d9-ddb5-4fa4-a97d-d965ccfc6d4b" outcome="Passed" testListId="8c84fa94-04c1-424b-9868-57a2d4851a1d" relativeResultsDirectory="3d9ae357-ce17-4039-90ec-3b6d66ad69c0" />
    <UnitTestResult executionId="6259e381-9dd5-4735-bf1e-edae467f6c5e" testId="f60bd93e-7fd7-78e6-ac91-f6859ca4b2da" testName="TestListObjects" computerName="GuedesMacBookPro2019" duration="00:00:00.0002464" startTime="2021-01-06T17:43:32.1023850+01:00" endTime="2021-01-06T17:43:32.1028640+01:00" testType="13cdc9d9-ddb5-4fa4-a97d-d965ccfc6d4b" outcome="Passed" testListId="8c84fa94-04c1-424b-9868-57a2d4851a1d" relativeResultsDirectory="6259e381-9dd5-4735-bf1e-edae467f6c5e" />
    <UnitTestResult executionId="915b1026-b946-43a5-a7fc-2d06c9b17dc8" testId="ef5f96e7-2ac6-35f4-474d-87ba33446ae4" testName="TestPocoWithInitializedArray" computerName="GuedesMacBookPro2019" duration="00:00:00.0035414" startTime="2021-01-06T17:43:31.8866190+01:00" endTime="2021-01-06T17:43:31.8902580+01:00" testType="13cdc9d9-ddb5-4fa4-a97d-d965ccfc6d4b" outcome="Passed" testListId="8c84fa94-04c1-424b-9868-57a2d4851a1d" relativeResultsDirectory="915b1026-b946-43a5-a7fc-2d06c9b17dc8" />
    <UnitTestResult executionId="e431335a-ce34-462b-bfce-f1135a0f3f37" testId="105bd2b7-d0e1-c8ce-697f-702c795c9f44" testName="TestPocoWithInitializedArray" computerName="GuedesMacBookPro2019" duration="00:00:00.0002007" startTime="2021-01-06T17:43:32.1509380+01:00" endTime="2021-01-06T17:43:32.1512030+01:00" testType="13cdc9d9-ddb5-4fa4-a97d-d965ccfc6d4b" outcome="Passed" testListId="8c84fa94-04c1-424b-9868-57a2d4851a1d" relativeResultsDirectory="e431335a-ce34-462b-bfce-f1135a0f3f37" />
    <UnitTestResult executionId="3a2fe0b7-b875-494e-a779-f19643abbdb5" testId="f9170ea0-871d-cbd4-2c0c-bec9947d1313" testName="TestBuildAllEnitiesFromSimplePocoWithNullId" computerName="GuedesMacBookPro2019" duration="00:00:00.0004226" startTime="2021-01-06T17:43:31.8976240+01:00" endTime="2021-01-06T17:43:31.8981440+01:00" testType="13cdc9d9-ddb5-4fa4-a97d-d965ccfc6d4b" outcome="Passed" testListId="8c84fa94-04c1-424b-9868-57a2d4851a1d" relativeResultsDirectory="3a2fe0b7-b875-494e-a779-f19643abbdb5" />
    <UnitTestResult executionId="bb9df2dd-57dc-4d9d-a5fe-bd716be0f74c" testId="2e7bdc21-96f2-65fc-20d1-cd45c83ffc6e" testName="TestPocoWithEmptyArray" computerName="GuedesMacBookPro2019" duration="00:00:00.0002287" startTime="2021-01-06T17:43:32.1504170+01:00" endTime="2021-01-06T17:43:32.1509140+01:00" testType="13cdc9d9-ddb5-4fa4-a97d-d965ccfc6d4b" outcome="Passed" testListId="8c84fa94-04c1-424b-9868-57a2d4851a1d" relativeResultsDirectory="bb9df2dd-57dc-4d9d-a5fe-bd716be0f74c" />
    <UnitTestResult executionId="ede80bf0-aed9-4c28-81aa-af448933cd52" testId="b2da3c52-810e-05e8-aa45-c6b810edb8db" testName="TestBuildAllEnitiesFromSimplePoco" computerName="GuedesMacBookPro2019" duration="00:00:00.0071186" startTime="2021-01-06T17:43:31.8902750+01:00" endTime="2021-01-06T17:43:31.8975930+01:00" testType="13cdc9d9-ddb5-4fa4-a97d-d965ccfc6d4b" outcome="Passed" testListId="8c84fa94-04c1-424b-9868-57a2d4851a1d" relativeResultsDirectory="ede80bf0-aed9-4c28-81aa-af448933cd52" />
    <UnitTestResult executionId="0c6727e4-d1be-47dc-a8ee-a6a3d8eb7c61" testId="e6de8e12-2c4b-94dc-8197-d0a51a292fe1" testName="TestBuildAllEnitiesFromParentPoco" computerName="GuedesMacBookPro2019" duration="00:00:00.0007292" startTime="2021-01-06T17:43:31.8981590+01:00" endTime="2021-01-06T17:43:31.8989650+01:00" testType="13cdc9d9-ddb5-4fa4-a97d-d965ccfc6d4b" outcome="Passed" testListId="8c84fa94-04c1-424b-9868-57a2d4851a1d" relativeResultsDirectory="0c6727e4-d1be-47dc-a8ee-a6a3d8eb7c61" />
    <UnitTestResult executionId="a2ad5dca-5bb6-4308-8d24-cd2983456dd7" testId="3c5ef007-42b5-f6bb-a0fb-346c6107b7b6" testName="TestExtractAllEnitiesFromMainWithParent" computerName="GuedesMacBookPro2019" duration="00:00:00.0012218" startTime="2021-01-06T17:43:32.1555460+01:00" endTime="2021-01-06T17:43:32.1568340+01:00" testType="13cdc9d9-ddb5-4fa4-a97d-d965ccfc6d4b" outcome="Passed" testListId="8c84fa94-04c1-424b-9868-57a2d4851a1d" relativeResultsDirectory="a2ad5dca-5bb6-4308-8d24-cd2983456dd7" />
    <UnitTestResult executionId="400df8fb-b93d-4157-b97f-1d315875ba99" testId="a2a2409d-e256-76b3-a50b-0fd41852bd81" testName="TestExtractAllEnitiesFromSimplePoco" computerName="GuedesMacBookPro2019" duration="00:00:00.0030712" startTime="2021-01-06T17:43:32.1512240+01:00" endTime="2021-01-06T17:43:32.1545050+01:00" testType="13cdc9d9-ddb5-4fa4-a97d-d965ccfc6d4b" outcome="Passed" testListId="8c84fa94-04c1-424b-9868-57a2d4851a1d" relativeResultsDirectory="400df8fb-b93d-4157-b97f-1d315875ba99" />
    <UnitTestResult executionId="65fd5f26-3070-42a2-962e-1f056ecc860c" testId="4feca539-5788-2e3b-5bd3-4c6255c5cb9f" testName="TestListObjects" computerName="GuedesMacBookPro2019" duration="00:00:00.0355644" startTime="2021-01-06T17:43:31.8118390+01:00" endTime="2021-01-06T17:43:31.8786710+01:00" testType="13cdc9d9-ddb5-4fa4-a97d-d965ccfc6d4b" outcome="Passed" testListId="8c84fa94-04c1-424b-9868-57a2d4851a1d" relativeResultsDirectory="65fd5f26-3070-42a2-962e-1f056ecc860c" />
    <UnitTestResult executionId="b0879a7e-3465-43c8-9bea-779de8885a6e" testId="9cf2bacd-dba0-07f2-cf23-6f56500d85c5" testName="TestBuildAllEnitiesFromMainWithParent" computerName="GuedesMacBookPro2019" duration="00:00:00.0007388" startTime="2021-01-06T17:43:31.8989810+01:00" endTime="2021-01-06T17:43:31.8998110+01:00" testType="13cdc9d9-ddb5-4fa4-a97d-d965ccfc6d4b" outcome="Passed" testListId="8c84fa94-04c1-424b-9868-57a2d4851a1d" relativeResultsDirectory="b0879a7e-3465-43c8-9bea-779de8885a6e" />
    <UnitTestResult executionId="51503a7b-7f33-4475-a193-edb86ef54cb4" testId="f5c7da70-ad14-d479-ba68-eb173a9a2ebc" testName="TestPocoWithEmptyArray" computerName="GuedesMacBookPro2019" duration="00:00:00.0005791" startTime="2021-01-06T17:43:31.8856610+01:00" endTime="2021-01-06T17:43:31.8865530+01:00" testType="13cdc9d9-ddb5-4fa4-a97d-d965ccfc6d4b" outcome="Passed" testListId="8c84fa94-04c1-424b-9868-57a2d4851a1d" relativeResultsDirectory="51503a7b-7f33-4475-a193-edb86ef54cb4" />
    <UnitTestResult executionId="d34f45de-b382-49c0-bd2a-19b4409b0591" testId="41f84c58-e322-9cec-4d8e-29ff173c824e" testName="TestExtractAllEnitiesFromParentPoco" computerName="GuedesMacBookPro2019" duration="00:00:00.0006839" startTime="2021-01-06T17:43:32.1547820+01:00" endTime="2021-01-06T17:43:32.1555320+01:00" testType="13cdc9d9-ddb5-4fa4-a97d-d965ccfc6d4b" outcome="Passed" testListId="8c84fa94-04c1-424b-9868-57a2d4851a1d" relativeResultsDirectory="d34f45de-b382-49c0-bd2a-19b4409b0591" />
  </Results>
  <TestDefinitions>
    <UnitTest name="TestPocoWithEmptyArray" storage="/users/guede/development/repositories/azurecloudtableobjectserializer/cloudtableutilstest/bin/debug/netcoreapp3.1/cloudtableutilstest.dll" id="f5c7da70-ad14-d479-ba68-eb173a9a2ebc">
      <Execution id="51503a7b-7f33-4475-a193-edb86ef54cb4" />
      <TestMethod codeBase="/Users/guede/Development/Repositories/AzureCloudTableObjectSerializer/CloudTableUtilsTest/bin/Debug/netcoreapp3.1/CloudTableUtilsTest.dll" adapterTypeName="executor://mstestadapter/v2" className="WebGate.Azure.CloudTableUtilsTest.BuilderListArrayTest" name="TestPocoWithEmptyArray" />
    </UnitTest>
    <UnitTest name="TestListObjects" storage="/users/guede/development/repositories/azurecloudtableobjectserializer/cloudtableutilstest/bin/debug/netcoreapp3.1/cloudtableutilstest.dll" id="f60bd93e-7fd7-78e6-ac91-f6859ca4b2da">
      <Execution id="6259e381-9dd5-4735-bf1e-edae467f6c5e" />
      <TestMethod codeBase="/Users/guede/Development/Repositories/AzureCloudTableObjectSerializer/CloudTableUtilsTest/bin/Debug/netcoreapp3.1/CloudTableUtilsTest.dll" adapterTypeName="executor://mstestadapter/v2" className="WebGate.Azure.CloudTableUtilsTest.SerializerIEnumberableTest" name="TestListObjects" />
    </UnitTest>
    <UnitTest name="TestBuildAllEnitiesFromMainWithParent" storage="/users/guede/development/repositories/azurecloudtableobjectserializer/cloudtableutilstest/bin/debug/netcoreapp3.1/cloudtableutilstest.dll" id="9cf2bacd-dba0-07f2-cf23-6f56500d85c5">
      <Execution id="b0879a7e-3465-43c8-9bea-779de8885a6e" />
      <TestMethod codeBase="/Users/guede/Development/Repositories/AzureCloudTableObjectSerializer/CloudTableUtilsTest/bin/Debug/netcoreapp3.1/CloudTableUtilsTest.dll" adapterTypeName="executor://mstestadapter/v2" className="WebGate.Azure.CloudTableUtilsTest.BuilderTests" name="TestBuildAllEnitiesFromMainWithParent" />
    </UnitTest>
    <UnitTest name="TestPocoWithInitializedArray" storage="/users/guede/development/repositories/azurecloudtableobjectserializer/cloudtableutilstest/bin/debug/netcoreapp3.1/cloudtableutilstest.dll" id="ef5f96e7-2ac6-35f4-474d-87ba33446ae4">
      <Execution id="915b1026-b946-43a5-a7fc-2d06c9b17dc8" />
      <TestMethod codeBase="/Users/guede/Development/Repositories/AzureCloudTableObjectSerializer/CloudTableUtilsTest/bin/Debug/netcoreapp3.1/CloudTableUtilsTest.dll" adapterTypeName="executor://mstestadapter/v2" className="WebGate.Azure.CloudTableUtilsTest.BuilderListArrayTest" name="TestPocoWithInitializedArray" />
    </UnitTest>
    <UnitTest name="TestExtractAllEnitiesFromMainWithParent" storage="/users/guede/development/repositories/azurecloudtableobjectserializer/cloudtableutilstest/bin/debug/netcoreapp3.1/cloudtableutilstest.dll" id="3c5ef007-42b5-f6bb-a0fb-346c6107b7b6">
      <Execution id="a2ad5dca-5bb6-4308-8d24-cd2983456dd7" />
      <TestMethod codeBase="/Users/guede/Development/Repositories/AzureCloudTableObjectSerializer/CloudTableUtilsTest/bin/Debug/netcoreapp3.1/CloudTableUtilsTest.dll" adapterTypeName="executor://mstestadapter/v2" className="WebGate.Azure.CloudTableUtilsTest.SerlializerTests" name="TestExtractAllEnitiesFromMainWithParent" />
    </UnitTest>
    <UnitTest name="TestExtractAllEnitiesFromSimplePoco" storage="/users/guede/development/repositories/azurecloudtableobjectserializer/cloudtableutilstest/bin/debug/netcoreapp3.1/cloudtableutilstest.dll" id="a2a2409d-e256-76b3-a50b-0fd41852bd81">
      <Execution id="400df8fb-b93d-4157-b97f-1d315875ba99" />
      <TestMethod codeBase="/Users/guede/Development/Repositories/AzureCloudTableObjectSerializer/CloudTableUtilsTest/bin/Debug/netcoreapp3.1/CloudTableUtilsTest.dll" adapterTypeName="executor://mstestadapter/v2" className="WebGate.Azure.CloudTableUtilsTest.SerlializerTests" name="TestExtractAllEnitiesFromSimplePoco" />
    </UnitTest>
    <UnitTest name="TestExtractAllEnitiesFromParentPoco" storage="/users/guede/development/repositories/azurecloudtableobjectserializer/cloudtableutilstest/bin/debug/netcoreapp3.1/cloudtableutilstest.dll" id="41f84c58-e322-9cec-4d8e-29ff173c824e">
      <Execution id="d34f45de-b382-49c0-bd2a-19b4409b0591" />
      <TestMethod codeBase="/Users/guede/Development/Repositories/AzureCloudTableObjectSerializer/CloudTableUtilsTest/bin/Debug/netcoreapp3.1/CloudTableUtilsTest.dll" adapterTypeName="executor://mstestadapter/v2" className="WebGate.Azure.CloudTableUtilsTest.SerlializerTests" name="TestExtractAllEnitiesFromParentPoco" />
    </UnitTest>
    <UnitTest name="TestPocoWithInitializedArray" storage="/users/guede/development/repositories/azurecloudtableobjectserializer/cloudtableutilstest/bin/debug/netcoreapp3.1/cloudtableutilstest.dll" id="105bd2b7-d0e1-c8ce-697f-702c795c9f44">
      <Execution id="e431335a-ce34-462b-bfce-f1135a0f3f37" />
      <TestMethod codeBase="/Users/guede/Development/Repositories/AzureCloudTableObjectSerializer/CloudTableUtilsTest/bin/Debug/netcoreapp3.1/CloudTableUtilsTest.dll" adapterTypeName="executor://mstestadapter/v2" className="WebGate.Azure.CloudTableUtilsTest.SerializerListArrayTest" name="TestPocoWithInitializedArray" />
    </UnitTest>
    <UnitTest name="TestBuildAllEnitiesFromSimplePoco" storage="/users/guede/development/repositories/azurecloudtableobjectserializer/cloudtableutilstest/bin/debug/netcoreapp3.1/cloudtableutilstest.dll" id="b2da3c52-810e-05e8-aa45-c6b810edb8db">
      <Execution id="ede80bf0-aed9-4c28-81aa-af448933cd52" />
      <TestMethod codeBase="/Users/guede/Development/Repositories/AzureCloudTableObjectSerializer/CloudTableUtilsTest/bin/Debug/netcoreapp3.1/CloudTableUtilsTest.dll" adapterTypeName="executor://mstestadapter/v2" className="WebGate.Azure.CloudTableUtilsTest.BuilderTests" name="TestBuildAllEnitiesFromSimplePoco" />
    </UnitTest>
    <UnitTest name="TestGetAllExtension" storage="/users/guede/development/repositories/azurecloudtableobjectserializer/cloudtableutilstest/bin/debug/netcoreapp3.1/cloudtableutilstest.dll" id="703f0799-1236-34b3-6ecb-36664b464f36">
      <Execution id="3d9ae357-ce17-4039-90ec-3b6d66ad69c0" />
      <TestMethod codeBase="/Users/guede/Development/Repositories/AzureCloudTableObjectSerializer/CloudTableUtilsTest/bin/Debug/netcoreapp3.1/CloudTableUtilsTest.dll" adapterTypeName="executor://mstestadapter/v2" className="WebGate.Azure.CloudTableUtilsTest.CloudTableExtensionsTest" name="TestGetAllExtension" />
    </UnitTest>
    <UnitTest name="TestExtractAllEnitiesFromSimplePocoWithNullId" storage="/users/guede/development/repositories/azurecloudtableobjectserializer/cloudtableutilstest/bin/debug/netcoreapp3.1/cloudtableutilstest.dll" id="3ad1da28-f979-6189-099c-6d76f3ed2bb8">
      <Execution id="6dd15676-eed3-41f0-9e85-cfa010d337bf" />
      <TestMethod codeBase="/Users/guede/Development/Repositories/AzureCloudTableObjectSerializer/CloudTableUtilsTest/bin/Debug/netcoreapp3.1/CloudTableUtilsTest.dll" adapterTypeName="executor://mstestadapter/v2" className="WebGate.Azure.CloudTableUtilsTest.SerlializerTests" name="TestExtractAllEnitiesFromSimplePocoWithNullId" />
    </UnitTest>
    <UnitTest name="TestPocoWithEmptyArray" storage="/users/guede/development/repositories/azurecloudtableobjectserializer/cloudtableutilstest/bin/debug/netcoreapp3.1/cloudtableutilstest.dll" id="2e7bdc21-96f2-65fc-20d1-cd45c83ffc6e">
      <Execution id="bb9df2dd-57dc-4d9d-a5fe-bd716be0f74c" />
      <TestMethod codeBase="/Users/guede/Development/Repositories/AzureCloudTableObjectSerializer/CloudTableUtilsTest/bin/Debug/netcoreapp3.1/CloudTableUtilsTest.dll" adapterTypeName="executor://mstestadapter/v2" className="WebGate.Azure.CloudTableUtilsTest.SerializerListArrayTest" name="TestPocoWithEmptyArray" />
    </UnitTest>
    <UnitTest name="TestBuildAllEnitiesFromSimplePocoWithNullId" storage="/users/guede/development/repositories/azurecloudtableobjectserializer/cloudtableutilstest/bin/debug/netcoreapp3.1/cloudtableutilstest.dll" id="f9170ea0-871d-cbd4-2c0c-bec9947d1313">
      <Execution id="3a2fe0b7-b875-494e-a779-f19643abbdb5" />
      <TestMethod codeBase="/Users/guede/Development/Repositories/AzureCloudTableObjectSerializer/CloudTableUtilsTest/bin/Debug/netcoreapp3.1/CloudTableUtilsTest.dll" adapterTypeName="executor://mstestadapter/v2" className="WebGate.Azure.CloudTableUtilsTest.BuilderTests" name="TestBuildAllEnitiesFromSimplePocoWithNullId" />
    </UnitTest>
    <UnitTest name="TestListObjects" storage="/users/guede/development/repositories/azurecloudtableobjectserializer/cloudtableutilstest/bin/debug/netcoreapp3.1/cloudtableutilstest.dll" id="4feca539-5788-2e3b-5bd3-4c6255c5cb9f">
      <Execution id="65fd5f26-3070-42a2-962e-1f056ecc860c" />
      <TestMethod codeBase="/Users/guede/Development/Repositories/AzureCloudTableObjectSerializer/CloudTableUtilsTest/bin/Debug/netcoreapp3.1/CloudTableUtilsTest.dll" adapterTypeName="executor://mstestadapter/v2" className="WebGate.Azure.CloudTableUtilsTest.BuilderIEnumberableTest" name="TestListObjects" />
    </UnitTest>
    <UnitTest name="TestBuildAllEnitiesFromParentPoco" storage="/users/guede/development/repositories/azurecloudtableobjectserializer/cloudtableutilstest/bin/debug/netcoreapp3.1/cloudtableutilstest.dll" id="e6de8e12-2c4b-94dc-8197-d0a51a292fe1">
      <Execution id="0c6727e4-d1be-47dc-a8ee-a6a3d8eb7c61" />
      <TestMethod codeBase="/Users/guede/Development/Repositories/AzureCloudTableObjectSerializer/CloudTableUtilsTest/bin/Debug/netcoreapp3.1/CloudTableUtilsTest.dll" adapterTypeName="executor://mstestadapter/v2" className="WebGate.Azure.CloudTableUtilsTest.BuilderTests" name="TestBuildAllEnitiesFromParentPoco" />
    </UnitTest>
  </TestDefinitions>
  <TestEntries>
    <TestEntry testId="3ad1da28-f979-6189-099c-6d76f3ed2bb8" executionId="6dd15676-eed3-41f0-9e85-cfa010d337bf" testListId="8c84fa94-04c1-424b-9868-57a2d4851a1d" />
    <TestEntry testId="703f0799-1236-34b3-6ecb-36664b464f36" executionId="3d9ae357-ce17-4039-90ec-3b6d66ad69c0" testListId="8c84fa94-04c1-424b-9868-57a2d4851a1d" />
    <TestEntry testId="f60bd93e-7fd7-78e6-ac91-f6859ca4b2da" executionId="6259e381-9dd5-4735-bf1e-edae467f6c5e" testListId="8c84fa94-04c1-424b-9868-57a2d4851a1d" />
    <TestEntry testId="ef5f96e7-2ac6-35f4-474d-87ba33446ae4" executionId="915b1026-b946-43a5-a7fc-2d06c9b17dc8" testListId="8c84fa94-04c1-424b-9868-57a2d4851a1d" />
    <TestEntry testId="105bd2b7-d0e1-c8ce-697f-702c795c9f44" executionId="e431335a-ce34-462b-bfce-f1135a0f3f37" testListId="8c84fa94-04c1-424b-9868-57a2d4851a1d" />
    <TestEntry testId="f9170ea0-871d-cbd4-2c0c-bec9947d1313" executionId="3a2fe0b7-b875-494e-a779-f19643abbdb5" testListId="8c84fa94-04c1-424b-9868-57a2d4851a1d" />
    <TestEntry testId="2e7bdc21-96f2-65fc-20d1-cd45c83ffc6e" executionId="bb9df2dd-57dc-4d9d-a5fe-bd716be0f74c" testListId="8c84fa94-04c1-424b-9868-57a2d4851a1d" />
    <TestEntry testId="b2da3c52-810e-05e8-aa45-c6b810edb8db" executionId="ede80bf0-aed9-4c28-81aa-af448933cd52" testListId="8c84fa94-04c1-424b-9868-57a2d4851a1d" />
    <TestEntry testId="e6de8e12-2c4b-94dc-8197-d0a51a292fe1" executionId="0c6727e4-d1be-47dc-a8ee-a6a3d8eb7c61" testListId="8c84fa94-04c1-424b-9868-57a2d4851a1d" />
    <TestEntry testId="3c5ef007-42b5-f6bb-a0fb-346c6107b7b6" executionId="a2ad5dca-5bb6-4308-8d24-cd2983456dd7" testListId="8c84fa94-04c1-424b-9868-57a2d4851a1d" />
    <TestEntry testId="a2a2409d-e256-76b3-a50b-0fd41852bd81" executionId="400df8fb-b93d-4157-b97f-1d315875ba99" testListId="8c84fa94-04c1-424b-9868-57a2d4851a1d" />
    <TestEntry testId="4feca539-5788-2e3b-5bd3-4c6255c5cb9f" executionId="65fd5f26-3070-42a2-962e-1f056ecc860c" testListId="8c84fa94-04c1-424b-9868-57a2d4851a1d" />
    <TestEntry testId="9cf2bacd-dba0-07f2-cf23-6f56500d85c5" executionId="b0879a7e-3465-43c8-9bea-779de8885a6e" testListId="8c84fa94-04c1-424b-9868-57a2d4851a1d" />
    <TestEntry testId="f5c7da70-ad14-d479-ba68-eb173a9a2ebc" executionId="51503a7b-7f33-4475-a193-edb86ef54cb4" testListId="8c84fa94-04c1-424b-9868-57a2d4851a1d" />
    <TestEntry testId="41f84c58-e322-9cec-4d8e-29ff173c824e" executionId="d34f45de-b382-49c0-bd2a-19b4409b0591" testListId="8c84fa94-04c1-424b-9868-57a2d4851a1d" />
  </TestEntries>
  <TestLists>
    <TestList name="Results Not in a List" id="8c84fa94-04c1-424b-9868-57a2d4851a1d" />
    <TestList name="All Loaded Results" id="19431567-8539-422a-85d7-44ee4e166bda" />
  </TestLists>
  <ResultSummary outcome="Completed">
    <Counters total="15" executed="15" passed="15" failed="0" error="0" timeout="0" aborted="0" inconclusive="0" passedButRunAborted="0" notRunnable="0" notExecuted="0" disconnected="0" warning="0" completed="0" inProgress="0" pending="0" />
  </ResultSummary>
</TestRun>